<SchemaTypeSchema name="">
 <SchemaTypeOutlineElement name="project">
    <SchemaTypeOutlineSequence name="">
        <SchemaTypeOutlineSequence name="">
            <SchemaTypeOutlineSequence name=""/>
        </SchemaTypeOutlineSequence>
    </SchemaTypeOutlineSequence>
 </SchemaTypeOutlineElement>
</SchemaTypeSchema>
