<SchemaTypeSchema name="">
 <SchemaTypeOutlineElement name="project">
   <SchemaTypeOutlineGroup name="theGroup">
    <SchemaTypeOutlineAll>
        <SchemaTypeOutlineElement name="inline"/>
        <SchemaTypeOutlineElement name="a">
            <SchemaTypeOutlineSequence>
                <SchemaTypeOutlineElement name="aa"/>
            </SchemaTypeOutlineSequence>
        </SchemaTypeOutlineElement>
        <SchemaTypeOutlineElement name="si"/>
        <SchemaTypeOutlineElement name="co">
            <SchemaTypeOutlineSequence>
                <SchemaTypeOutlineElement name="coaa"/>
            </SchemaTypeOutlineSequence>
        </SchemaTypeOutlineElement>
      </SchemaTypeOutlineAll>
   </SchemaTypeOutlineGroup>
 </SchemaTypeOutlineElement>
</SchemaTypeSchema>
